Testing model: googleai/gemini-2.5-flash
[SUCCESS] googleai/gemini-2.5-flash works!
Testing model: googleai/gemini-1.5-flash-002
node.exe : 
GenkitError: UNKNOWN: 
Error fetching from htt
ps://generativelanguage
.googleapis.com/v1beta/
models/gemini-1.5-flash
-002:generateContent: 
[404 Not Found] models/
gemini-1.5-flash-002 
is not found for API 
version v1beta, or is 
not supported for 
generateContent. Call 
ListModels to see the 
list of available 
models and their 
supported methods.
At line:1 char:1
+ & "C:\Program 
Files\nodejs/node.exe" 
"C:\Program 
Files\nodejs/node_mo 
...
+ ~~~~~~~~~~~~~~~~~~~~~
~~~~~~~~~~~~~~~~~~~~~~~
~~~~~~~~~~~~~~~~~~~~~~~
~~
    + CategoryInfo     
         : NotSpecifi  
  ed: (GenkitError:    
 UN...ported method    
s.:String) [], Rem    
oteException
    + FullyQualifiedEr 
   rorId : NativeComm  
  andError
 
    at makeRequest (C:\
Users\Hp\Downloads\deep
learn-pro\node_modules\
@genkit-ai\google-genai
\src\googleai\client.ts
:375:13)
    at process.processT
icksAndRejections (node
:internal/process/task_
queues:105:5)
    at async 
generateContent (C:\Use
rs\Hp\Downloads\deeplea
rn-pro\node_modules\@ge
nkit-ai\google-genai\sr
c\googleai\client.ts:94
:20)
    at async 
callGemini (C:\Users\Hp
\Downloads\deeplearn-pr
o\node_modules\@genkit-
ai\google-genai\src\goo
gleai\gemini.ts:767:22)
    at async 
<anonymous> (C:\Users\H
p\Downloads\deeplearn-p
ro\node_modules\@genkit
-ai\google-genai\src\go
ogleai\gemini.ts:830:11
)
    at async 
<anonymous> (C:\Users\H
p\Downloads\deeplearn-p
ro\node_modules\@genkit
-ai\core\src\action.ts:
380:26)
    at async 
<anonymous> (C:\Users\H
p\Downloads\deeplearn-p
ro\node_modules\@genkit
-ai\core\src\tracing\in
strumentation.ts:121:24
)
    at async 
runInNewSpan (C:\Users\
Hp\Downloads\deeplearn-
pro\node_modules\@genki
t-ai\core\src\tracing\i
nstrumentation.ts:105:1
0)
    at async AsyncFunct
ion.actionFn.run (C:\Us
ers\Hp\Downloads\deeple
arn-pro\node_modules\@g
enkit-ai\core\src\actio
n.ts:332:18)
    at async dispatch (
C:\Users\Hp\Downloads\d
eeplearn-pro\node_modul
es\@genkit-ai\core\src\
action.ts:255:24) {
  source: undefined,
  status: 'UNKNOWN',
  detail: undefined,
  code: 500,
  originalMessage: 
'Error fetching from ht
tps://generativelanguag
e.googleapis.com/v1beta
/models/gemini-1.5-flas
h-002:generateContent: 
[404 Not Found] models/
gemini-1.5-flash-002 
is not found for API 
version v1beta, or is 
not supported for 
generateContent. Call 
ListModels to see the 
list of available 
models and their 
supported methods.'
}
[FAIL] googleai/gemini-
1.5-flash-002: 
UNKNOWN: Error 
fetching from https://g
enerativelanguage.googl
eapis.com/v1beta/models
/gemini-1.5-flash-002:g
enerateContent: [404 
Not Found] models/gemin
i-1.5-flash-002 is not 
found for API version 
v1beta, or is not 
supported for 
generateContent. Call 
ListModels to see the 
list of available 
models and their 
supported methods.
Testing model: googleai/gemini-1.5-pro
GenkitError: UNKNOWN: 
Error fetching from htt
ps://generativelanguage
.googleapis.com/v1beta/
models/gemini-1.5-pro:g
enerateContent: [404 
Not Found] 
models/gemini-1.5-pro 
is not found for API 
version v1beta, or is 
not supported for 
generateContent. Call 
ListModels to see the 
list of available 
models and their 
supported methods.
    at makeRequest (C:\
Users\Hp\Downloads\deep
learn-pro\node_modules\
@genkit-ai\google-genai
\src\googleai\client.ts
:375:13)
    at process.processT
icksAndRejections (node
:internal/process/task_
queues:105:5)
    at async 
generateContent (C:\Use
rs\Hp\Downloads\deeplea
rn-pro\node_modules\@ge
nkit-ai\google-genai\sr
c\googleai\client.ts:94
:20)
    at async 
callGemini (C:\Users\Hp
\Downloads\deeplearn-pr
o\node_modules\@genkit-
ai\google-genai\src\goo
gleai\gemini.ts:767:22)
    at async 
<anonymous> (C:\Users\H
p\Downloads\deeplearn-p
ro\node_modules\@genkit
-ai\google-genai\src\go
ogleai\gemini.ts:830:11
)
    at async 
<anonymous> (C:\Users\H
p\Downloads\deeplearn-p
ro\node_modules\@genkit
-ai\core\src\action.ts:
380:26)
    at async 
<anonymous> (C:\Users\H
p\Downloads\deeplearn-p
ro\node_modules\@genkit
-ai\core\src\tracing\in
strumentation.ts:121:24
)
    at async 
runInNewSpan (C:\Users\
Hp\Downloads\deeplearn-
pro\node_modules\@genki
t-ai\core\src\tracing\i
nstrumentation.ts:105:1
0)
    at async AsyncFunct
ion.actionFn.run (C:\Us
ers\Hp\Downloads\deeple
arn-pro\node_modules\@g
enkit-ai\core\src\actio
n.ts:332:18)
    at async dispatch (
C:\Users\Hp\Downloads\d
eeplearn-pro\node_modul
es\@genkit-ai\core\src\
action.ts:255:24) {
  source: undefined,
  status: 'UNKNOWN',
  detail: undefined,
  code: 500,
  originalMessage: 
'Error fetching from ht
tps://generativelanguag
e.googleapis.com/v1beta
/models/gemini-1.5-pro:
generateContent: [404 
Not Found] 
models/gemini-1.5-pro 
is not found for API 
version v1beta, or is 
not supported for 
generateContent. Call 
ListModels to see the 
list of available 
models and their 
supported methods.'
}
[FAIL] googleai/gemini-
1.5-pro: UNKNOWN: 
Error fetching from htt
ps://generativelanguage
.googleapis.com/v1beta/
models/gemini-1.5-pro:g
enerateContent: [404 
Not Found] 
models/gemini-1.5-pro 
is not found for API 
version v1beta, or is 
not supported for 
generateContent. Call 
ListModels to see the 
list of available 
models and their 
supported methods.
